Microsoft Windows [Version 10.0.22631.5624]
(c) Microsoft Corporation. All rights reserved.

C:\Users\DELL\practicle4\test>git clone https://github.com/priyanshisudani/test.git
Cloning into 'test'...
warning: You appear to have cloned an empty repository.

C:\Users\DELL\practicle4\test>git status
On branch main

No commits yet

Untracked files:
  (use "git add <file>..." to include in what will be committed)
        test_file.txt

nothing added to commit but untracked files present (use "git add" to track)

C:\Users\DELL\practicle4\test>git git add .
git: 'git' is not a git command. See 'git --help'.

The most similar command is
        init

C:\Users\DELL\practicle4\test>git add .

C:\Users\DELL\practicle4\test>git push
error: src refspec refs/heads/main does not match any
error: failed to push some refs to 'https://github.com/priyanshisudani/test.git'

C:\Users\DELL\practicle4\test>git commit -m "practical file"
[main (root-commit) ed4bf26] practical file
 1 file changed, 1 insertion(+)
 create mode 100644 test_file.txt

C:\Users\DELL\practicle4\test>git push
Enumerating objects: 3, done.
Counting objects: 100% (3/3), done.
Writing objects: 100% (3/3), 243 bytes | 243.00 KiB/s, done.
Total 3 (delta 0), reused 0 (delta 0), pack-reused 0 (from 0)
To https://github.com/priyanshisudani/test.git
 * [new branch]      main -> main

C:\Users\DELL\practicle4\test>git status
On branch main
Your branch is up to date with 'origin/main'.

Changes not staged for commit:
  (use "git add <file>..." to update what will be committed)
  (use "git restore <file>..." to discard changes in working directory)
        modified:   test_file.txt

no changes added to commit (use "git add" and/or "git commit -a")

C:\Users\DELL\practicle4\test>git add .

C:\Users\DELL\practicle4\test>git commit -m "new branch"
[main 8b34c4a] new branch
 1 file changed, 2 insertions(+), 1 deletion(-)

C:\Users\DELL\practicle4\test>git push
Enumerating objects: 5, done.
Counting objects: 100% (5/5), done.
Writing objects: 100% (3/3), 282 bytes | 282.00 KiB/s, done.
Total 3 (delta 0), reused 0 (delta 0), pack-reused 0 (from 0)
To https://github.com/priyanshisudani/test.git
   ed4bf26..8b34c4a  main -> main

C:\Users\DELL\practicle4